------------------------------------------------------------
Timing Analyzer Summary
------------------------------------------------------------

Type  : Slow 1100mV 85C Model Setup 'clk'
Slack : 2.362
TNS   : 0.000

Type  : Slow 1100mV 85C Model Hold 'clk'
Slack : 0.357
TNS   : 0.000

Type  : Slow 1100mV 85C Model Minimum Pulse Width 'clk'
Slack : 4.305
TNS   : 0.000

Type  : Slow 1100mV 0C Model Setup 'clk'
Slack : 2.338
TNS   : 0.000

Type  : Slow 1100mV 0C Model Hold 'clk'
Slack : 0.269
TNS   : 0.000

Type  : Slow 1100mV 0C Model Minimum Pulse Width 'clk'
Slack : 4.209
TNS   : 0.000

Type  : Fast 1100mV 85C Model Setup 'clk'
Slack : 4.920
TNS   : 0.000

Type  : Fast 1100mV 85C Model Hold 'clk'
Slack : 0.178
TNS   : 0.000

Type  : Fast 1100mV 85C Model Minimum Pulse Width 'clk'
Slack : 4.421
TNS   : 0.000

Type  : Fast 1100mV 0C Model Setup 'clk'
Slack : 5.221
TNS   : 0.000

Type  : Fast 1100mV 0C Model Hold 'clk'
Slack : 0.167
TNS   : 0.000

Type  : Fast 1100mV 0C Model Minimum Pulse Width 'clk'
Slack : 4.421
TNS   : 0.000

------------------------------------------------------------
